============================= test session starts =============================
platform win32 -- Python 3.9.13, pytest-7.4.3, pluggy-1.6.0 -- C:\Users\bella\AppData\Local\Programs\Python\Python39\python.exe
cachedir: .pytest_cache
django: version: 4.2.20, settings: gestion_backend.settings (from ini)
rootdir: C:\Users\bella\Documents\gestion\backend
configfile: pytest.ini
plugins: Faker-20.1.0, cov-4.1.0, django-4.7.0
collecting ... collected 22 items

apps/core/tests.py::TestZoneModel::test_zone_creation PASSED             [  4%]
apps/core/tests.py::TestZoneModel::test_zone_update PASSED               [  9%]
apps/core/tests.py::TestZoneModel::test_zone_deactivation PASSED         [ 13%]
apps/core/tests.py::TestUserProfileModel::test_userprofile_creation FAILED [ 18%]
apps/core/tests.py::TestUserProfileModel::test_userprofile_str PASSED    [ 22%]
apps/core/tests.py::TestUserProfileModel::test_admin_has_all_permissions FAILED [ 27%]
apps/core/tests.py::TestUserProfileModel::test_user_permission_check FAILED [ 31%]
apps/core/tests.py::TestUserProfileModel::test_get_all_permissions PASSED [ 36%]
apps/core/tests.py::TestZoneAPI::test_list_zones_unauthenticated PASSED  [ 40%]
apps/core/tests.py::TestZoneAPI::test_list_zones_authenticated PASSED    [ 45%]
apps/core/tests.py::TestZoneAPI::test_create_zone PASSED                 [ 50%]
apps/core/tests.py::TestZoneAPI::test_retrieve_zone PASSED               [ 54%]
apps/core/tests.py::TestZoneAPI::test_update_zone PASSED                 [ 59%]
apps/core/tests.py::TestZoneAPI::test_delete_zone PASSED                 [ 63%]
apps/core/tests.py::TestUserProfileAPI::test_list_profiles PASSED        [ 68%]
apps/core/tests.py::TestUserProfileAPI::test_retrieve_own_profile FAILED [ 72%]
apps/core/tests.py::TestAuthenticationAPI::test_obtain_token PASSED      [ 77%]
apps/core/tests.py::TestAuthenticationAPI::test_obtain_token_invalid_credentials PASSED [ 81%]
apps/core/tests.py::TestAuthenticationAPI::test_refresh_token PASSED     [ 86%]
apps/core/tests.py::TestAuthenticationAPI::test_verify_token PASSED      [ 90%]
apps/core/tests.py::TestUserProfileIntegration::test_user_can_access_assigned_zone FAILED [ 95%]
apps/core/tests.py::TestUserProfileIntegration::test_multiple_users_same_zone FAILED [100%]

================================== FAILURES ===================================
C:\Users\bella\Documents\gestion\backend\apps\core\tests.py:49: AssertionError: assert 'user' == 'commercial'
C:\Users\bella\AppData\Local\Programs\Python\Python39\lib\site-packages\django\db\backends\utils.py:89: django.db.utils.IntegrityError: ERREUR:  la valeur d'une clÚ dupliquÚe rompt la contrainte unique ½ gestion_api_userprofile_user_id_key ╗
C:\Users\bella\Documents\gestion\backend\apps\core\tests.py:91: AssertionError: assert False is True
C:\Users\bella\Documents\gestion\backend\apps\core\tests.py:190: AssertionError: assert 'user' == 'commercial'
C:\Users\bella\Documents\gestion\backend\apps\core\tests.py:265: assert None == <Zone: Test Zone>
C:\Users\bella\AppData\Local\Programs\Python\Python39\lib\site-packages\django\db\backends\utils.py:89: django.db.utils.IntegrityError: ERREUR:  la valeur d'une clÚ dupliquÚe rompt la contrainte unique ½ gestion_api_userprofile_user_id_key ╗

---------- coverage: platform win32, python 3.9.13-final-0 -----------
Name                                                                                          Stmts   Miss  Cover   Missing
---------------------------------------------------------------------------------------------------------------------------
apps\__init__.py                                                                                  0      0   100%
apps\app_settings\__init__.py                                                                     0      0   100%
apps\app_settings\admin.py                                                                       38      0   100%
apps\app_settings\apps.py                                                                         5      0   100%
apps\app_settings\migrations\0001_initial.py                                                      7      0   100%
apps\app_settings\migrations\__init__.py                                                          0      0   100%
apps\app_settings\models.py                                                                      81      7    91%   14, 32, 49, 66, 81, 96, 111
apps\app_settings\serializers.py                                                                 32      0   100%
apps\app_settings\tests.py                                                                        1      1     0%   1
apps\app_settings\urls.py                                                                        12      0   100%
apps\app_settings\views.py                                                                       38      3    92%   20, 30, 40
apps\core\__init__.py                                                                             0      0   100%
apps\core\admin.py                                                                               27      4    85%   19-22
apps\core\apps.py                                                                                 7      0   100%
apps\core\migrations\0001_initial.py                                                              7      0   100%
apps\core\migrations\__init__.py                                                                  0      0   100%
apps\core\models.py                                                                              47      5    89%   31, 38, 47, 51-52
apps\core\serializers.py                                                                        122     65    47%   36-39, 57-65, 68-77, 96-109, 112-117, 120-124, 127-141, 144-169, 179-181
apps\core\signals.py                                                                             21      6    71%   24, 32, 35-38
apps\core\tests.py                                                                              151     10    93%   50-51, 69-70, 267-269, 281-288
apps\core\urls.py                                                                                10      0   100%
apps\core\views.py                                                                               71     26    63%   31, 44-47, 52-53, 58-70, 96-115
apps\dashboard\__init__.py                                                                        0      0   100%
apps\dashboard\admin.py                                                                           1      0   100%
apps\dashboard\apps.py                                                                            4      0   100%
apps\dashboard\migrations\__init__.py                                                             0      0   100%
apps\dashboard\models.py                                                                          1      0   100%
apps\dashboard\tests.py                                                                           1      1     0%   1
apps\dashboard\urls.py                                                                            3      0   100%
apps\dashboard\views.py                                                                         118     81    31%   36-74, 96-129, 153-175, 188-196, 210-243, 256-290, 303-325, 336-360
apps\inventory\__init__.py                                                                        0      0   100%
apps\inventory\admin.py                                                                         102      2    98%   39, 89
apps\inventory\apps.py                                                                            5      0   100%
apps\inventory\migrations\0001_initial.py                                                         8      0   100%
apps\inventory\migrations\0002_inventory_stockreturn_stocktransfer_and_more.py                    7      0   100%
apps\inventory\migrations\__init__.py                                                             0      0   100%
apps\inventory\models.py                                                                        263     64    76%   46, 49-55, 58-70, 73, 114-120, 146, 165-171, 225, 228-229, 232-238, 283-289, 327, 355, 373-378, 404, 424-429, 458, 478-483
apps\inventory\serializers.py                                                                   224    116    48%   27, 30, 33-36, 63-64, 83-94, 97, 100, 103, 106-124, 127-166, 170-176, 189-234, 248-253, 268-273, 305-310, 341-346
apps\inventory\tests.py                                                                         184    184     0%   4-428
apps\inventory\urls.py                                                                           11      0   100%
apps\inventory\views.py                                                                         173    112    35%   40-61, 73-78, 95-154, 167, 172-186, 194-221, 226-368, 386, 396-404, 414
apps\partners\__init__.py                                                                         0      0   100%
apps\partners\admin.py                                                                           25      0   100%
apps\partners\apps.py                                                                             5      0   100%
apps\partners\migrations\0001_initial.py                                                          8      0   100%
apps\partners\migrations\__init__.py                                                              0      0   100%
apps\partners\models.py                                                                          62      4    94%   18, 49, 75, 103
apps\partners\serializers.py                                                                     18      0   100%
apps\partners\tests.py                                                                          170    170     0%   4-359
apps\partners\urls.py                                                                             9      0   100%
apps\partners\views.py                                                                           20      0   100%
apps\production\__init__.py                                                                       0      0   100%
apps\production\admin.py                                                                         20      0   100%
apps\production\apps.py                                                                           5      0   100%
apps\production\migrations\0001_initial.py                                                        6      0   100%
apps\production\migrations\__init__.py                                                            0      0   100%
apps\production\models.py                                                                        36      9    75%   29, 54-62
apps\production\serializers.py                                                                   28      8    71%   18, 35-62
apps\production\tests.py                                                                          1      1     0%   1
apps\production\urls.py                                                                           6      0   100%
apps\production\views.py                                                                         12      0   100%
apps\sales\__init__.py                                                                            0      0   100%
apps\sales\admin.py                                                                              57      0   100%
apps\sales\apps.py                                                                                5      0   100%
apps\sales\migrations\0001_initial.py                                                             8      0   100%
apps\sales\migrations\0002_remove_extra_quoteitem_columns.py                                      4      0   100%
apps\sales\migrations\__init__.py                                                                 0      0   100%
apps\sales\models.py                                                                            237    101    57%   83, 87-113, 117-146, 150-205, 209-234, 258-264, 305, 326-332, 354, 389, 429-452, 455, 481-487
apps\sales\serializers.py                                                                       135     72    47%   34-65, 68-95, 109-114, 146-165, 168-171, 174-177, 201-208, 211-224
apps\sales\tests.py                                                                             176    176     0%   4-420
apps\sales\urls.py                                                                               10      0   100%
apps\sales\views.py                                                                             200    149    26%   32, 37-177, 185-203, 211-245, 287, 292-349, 356-457
apps\treasury\__init__.py                                                                         0      0   100%
apps\treasury\admin.py                                                                           53      1    98%   40
apps\treasury\apps.py                                                                             5      0   100%
apps\treasury\migrations\0001_initial.py                                                          8      0   100%
apps\treasury\migrations\0002_supplierpayment_suppliercashpayment_clientpayment_and_more.py       7      0   100%
apps\treasury\migrations\0003_alter_suppliercashpayment_supply.py                                 5      0   100%
apps\treasury\migrations\__init__.py                                                              0      0   100%
apps\treasury\models.py                                                                         136      8    94%   32, 84, 129, 174, 222, 284, 346, 383
apps\treasury\serializers.py                                                                     67      3    96%   89, 92, 95
apps\treasury\tests.py                                                                          157    157     0%   4-455
apps\treasury\urls.py                                                                            13      0   100%
apps\treasury\views.py                                                                          118     66    44%   26-31, 41, 51, 61, 71, 82-113, 123, 134-141, 146-162, 167-211
---------------------------------------------------------------------------------------------------------------------------
TOTAL                                                                                          3614   1612    55%
Coverage HTML written to dir htmlcov
Coverage XML written to file coverage.xml

=========================== short test summary info ===========================
FAILED apps/core/tests.py::TestUserProfileModel::test_userprofile_creation - ...
FAILED apps/core/tests.py::TestUserProfileModel::test_admin_has_all_permissions
FAILED apps/core/tests.py::TestUserProfileModel::test_user_permission_check
FAILED apps/core/tests.py::TestUserProfileAPI::test_retrieve_own_profile - As...
FAILED apps/core/tests.py::TestUserProfileIntegration::test_user_can_access_assigned_zone
FAILED apps/core/tests.py::TestUserProfileIntegration::test_multiple_users_same_zone
================= 6 failed, 16 passed, 21 warnings in 18.87s ==================
